2026-07-20 00:28:36 WARNING Database connection retried
2026-07-20 00:34:24 WARNING Cache miss for key user_740
2026-07-20 00:41:15 WARNING Unusual outbound traffic detected: 270MB
2026-07-20 00:43:23 INFO API request received: GET /users
2026-07-20 00:47:51 ERROR SQL injection pattern detected in request
2026-07-20 00:57:15 ERROR Database connection failed
2026-07-20 01:20:49 ERROR Payment gateway timeout
2026-07-20 01:34:10 WARNING Database connection retried
2026-07-20 01:48:02 INFO API request received: POST /orders
2026-07-20 01:55:43 INFO API request received: POST /orders
2026-07-20 02:31:00 INFO Cache refreshed successfully
2026-07-20 02:36:51 ERROR Multiple failed login attempts for user_798
2026-07-20 02:53:40 INFO Cache refreshed successfully
2026-07-20 03:36:29 WARNING Slow query detected: 251ms
2026-07-20 03:40:39 WARNING Slow query detected: 187ms
2026-07-20 04:01:52 ERROR Payment gateway timeout
2026-07-20 04:12:32 WARNING Unusual outbound traffic detected: 533MB
2026-07-20 04:53:04 INFO Cache refreshed successfully
2026-07-20 05:44:43 ERROR Brute force login pattern detected for user_695
2026-07-20 07:01:39 ERROR Brute force login pattern detected for user_428
2026-07-20 07:12:38 INFO API request received: POST /orders
2026-07-20 07:21:40 ERROR Database connection failed
2026-07-20 07:55:45 INFO API request received: POST /orders
2026-07-20 08:54:31 INFO User login successful for user_131
2026-07-20 09:08:56 WARNING Slow query detected: 127ms
2026-07-20 09:13:14 INFO User login successful for user_600
2026-07-20 09:22:57 INFO User login successful for user_95
2026-07-20 09:36:03 INFO Health check passed
2026-07-20 09:41:59 WARNING Slow query detected: 747ms
2026-07-20 10:05:01 INFO API request received: GET /products
2026-07-20 10:07:14 INFO API request received: GET /products
2026-07-20 10:11:12 WARNING Unusual outbound traffic detected: 148MB
2026-07-20 10:12:11 ERROR SQL injection pattern detected in request
2026-07-20 10:14:17 INFO API request received: POST /orders
2026-07-20 10:19:57 WARNING Cache miss for key user_766
2026-07-20 10:20:59 INFO Cache refreshed successfully
2026-07-20 10:21:15 INFO Cache refreshed successfully
2026-07-20 10:21:24 ERROR Database connection failed
2026-07-20 10:28:05 WARNING Slow query detected: 203ms
2026-07-20 10:43:48 INFO Config file accessed outside business hours
2026-07-20 10:48:14 INFO User login successful for user_315
2026-07-20 10:50:10 INFO API request received: GET /products
2026-07-20 11:06:01 WARNING Database connection retried
2026-07-20 11:12:58 ERROR Rate limit exceeded for user_191
2026-07-20 11:18:32 INFO API request received: GET /users
2026-07-20 11:20:10 INFO User login successful for user_785
2026-07-20 11:32:58 WARNING Cache miss for key user_742
2026-07-20 11:36:32 INFO Health check passed
2026-07-20 11:39:39 WARNING Database connection retried
2026-07-20 11:41:26 INFO Health check passed
2026-07-20 11:59:33 INFO API request received: POST /orders
2026-07-20 12:07:31 ERROR Payment gateway timeout
2026-07-20 12:10:25 INFO Cache refreshed successfully
2026-07-20 12:11:36 INFO API request received: GET /products
2026-07-20 12:13:07 WARNING Cache miss for key user_297
2026-07-20 12:14:22 ERROR Database connection failed
2026-07-20 12:16:06 INFO Cache refreshed successfully
2026-07-20 12:19:10 INFO Health check passed
2026-07-20 12:23:37 ERROR Database connection failed
2026-07-20 12:28:41 INFO User login successful for user_149
2026-07-20 12:28:52 INFO API request received: GET /products
2026-07-20 12:37:27 ERROR Database connection failed
2026-07-20 13:01:31 INFO User login successful for user_854
2026-07-20 13:09:02 WARNING Slow query detected: 421ms
2026-07-20 13:34:28 INFO API request received: GET /users
2026-07-20 13:35:10 INFO API request received: POST /orders
2026-07-20 13:36:00 WARNING Cache miss for key user_441
2026-07-20 13:38:49 ERROR Payment gateway timeout
2026-07-20 13:54:24 INFO Database connection established
2026-07-20 13:58:11 INFO Cache refreshed successfully
2026-07-20 13:58:32 ERROR Payment gateway timeout
2026-07-20 14:01:56 WARNING Slow query detected: 36ms
2026-07-20 14:04:44 INFO API request received: POST /orders
2026-07-20 14:14:04 WARNING Cache miss for key user_295
2026-07-20 14:22:52 WARNING Slow query detected: 156ms
2026-07-20 14:23:02 INFO API request received: POST /orders
2026-07-20 14:26:42 INFO Cache refreshed successfully
2026-07-20 14:28:22 INFO Config file accessed outside business hours
2026-07-20 14:34:29 ERROR Database connection failed
2026-07-20 14:37:07 INFO API request received: GET /users
2026-07-20 14:42:02 INFO Health check passed
2026-07-20 14:42:09 WARNING Cache miss for key user_755
2026-07-20 14:46:02 WARNING Database connection retried
2026-07-20 14:48:29 ERROR Database connection failed
2026-07-20 14:58:33 WARNING Cache miss for key user_589
2026-07-20 15:01:28 INFO Cache refreshed successfully
2026-07-20 15:07:50 INFO User login successful for user_585
2026-07-20 15:08:09 WARNING Slow query detected: 843ms
2026-07-20 15:19:01 WARNING Cache miss for key user_577
2026-07-20 15:40:03 INFO User login successful for user_187
2026-07-20 15:43:52 WARNING Slow query detected: 36ms
2026-07-20 16:04:11 WARNING Database connection retried
2026-07-20 16:11:02 WARNING Cache miss for key user_273
2026-07-20 16:13:48 INFO Health check passed
2026-07-20 16:14:29 INFO Cache refreshed successfully
2026-07-20 16:16:38 INFO API request received: GET /products
2026-07-20 16:27:45 INFO API request received: POST /orders
2026-07-20 16:29:26 WARNING Database connection retried
2026-07-20 16:32:18 ERROR Database connection failed
2026-07-20 16:36:58 ERROR Database connection failed
2026-07-20 16:39:41 INFO User login successful for user_770
2026-07-20 16:48:02 INFO API request received: GET /products
2026-07-20 16:49:41 INFO User login successful for user_604
2026-07-20 16:57:57 INFO Database connection established
2026-07-20 17:06:08 ERROR Payment gateway timeout
2026-07-20 17:08:51 INFO API request received: POST /orders
2026-07-20 17:22:04 INFO Cache refreshed successfully
2026-07-20 17:27:11 WARNING Slow query detected: 25ms
2026-07-20 18:00:02 INFO Health check passed
2026-07-20 18:05:40 WARNING Slow query detected: 575ms
2026-07-20 18:08:06 WARNING Database connection retried
2026-07-20 18:14:53 ERROR Payment gateway timeout
2026-07-20 18:17:20 INFO Cache refreshed successfully
2026-07-20 18:26:10 WARNING Database connection retried
2026-07-20 18:29:09 INFO API request received: GET /users
2026-07-20 18:30:14 ERROR Database connection failed
2026-07-20 18:34:47 INFO User login successful for user_325
2026-07-20 18:43:09 INFO User login successful for user_455
2026-07-20 18:50:51 INFO User login successful for user_155
2026-07-20 18:53:03 WARNING Slow query detected: 634ms
2026-07-20 19:02:38 INFO Health check passed
2026-07-20 19:11:17 ERROR Payment gateway timeout
2026-07-20 19:12:40 INFO Cache refreshed successfully
2026-07-20 19:14:49 INFO API request received: GET /products
2026-07-20 19:25:27 INFO API request received: GET /products
2026-07-20 19:26:26 INFO Health check passed
2026-07-20 19:27:25 INFO Health check passed
2026-07-20 19:35:32 INFO Database connection established
2026-07-20 19:43:26 WARNING Database connection retried
2026-07-20 19:44:02 INFO User login successful for user_102
2026-07-20 20:03:18 INFO Health check passed
2026-07-20 20:03:34 INFO API request received: GET /products
2026-07-20 20:05:21 ERROR Database connection failed
2026-07-20 20:06:41 INFO Health check passed
2026-07-20 20:12:36 INFO User login successful for user_971
2026-07-20 20:20:02 WARNING Cache miss for key user_15
2026-07-20 20:25:18 WARNING Cache miss for key user_108
2026-07-20 20:25:35 INFO Health check passed
2026-07-20 20:28:01 WARNING Slow query detected: 72ms
2026-07-20 20:31:48 INFO User login successful for user_776
2026-07-20 20:35:42 INFO Database connection established
2026-07-20 20:38:58 ERROR Database connection failed
2026-07-20 20:40:16 INFO API request received: POST /orders
2026-07-20 20:42:19 INFO Cache refreshed successfully
2026-07-20 20:51:04 INFO User login successful for user_447
2026-07-20 20:58:12 INFO Cache refreshed successfully
2026-07-20 20:59:32 ERROR Database connection failed
2026-07-20 21:19:09 WARNING Cache miss for key user_13
2026-07-20 21:19:36 INFO User login successful for user_576
2026-07-20 21:42:10 INFO Cache refreshed successfully
2026-07-20 22:02:36 WARNING Database connection retried
2026-07-20 22:09:37 WARNING Database connection retried
2026-07-20 22:14:13 ERROR Suspicious IP access blocked from 192.168.735.21
2026-07-20 22:18:23 WARNING Cache miss for key user_425
2026-07-20 22:53:37 WARNING Unusual outbound traffic detected: 616MB
2026-07-20 22:55:29 ERROR SQL injection pattern detected in request
2026-07-20 23:20:04 ERROR Payment gateway timeout
2026-07-20 23:54:56 INFO API request received: POST /orders
2026-07-21 00:17:46 ERROR Database connection failed
2026-07-21 00:24:53 INFO Database connection established
2026-07-21 00:42:04 INFO Cache refreshed successfully
2026-07-21 00:51:08 ERROR Rate limit exceeded for user_249
2026-07-21 01:00:06 ERROR Payment gateway timeout
2026-07-21 01:04:15 INFO API request received: POST /orders
2026-07-21 01:09:00 INFO Cache refreshed successfully
2026-07-21 01:22:23 INFO Database connection established
2026-07-21 01:22:43 INFO API request received: POST /orders
2026-07-21 02:04:03 ERROR Rate limit exceeded for user_506
2026-07-21 02:15:29 ERROR Payment gateway timeout
2026-07-21 02:29:32 ERROR Database connection failed
2026-07-21 03:43:31 WARNING Cache miss for key user_257
2026-07-21 04:03:25 INFO Database connection established
2026-07-21 04:47:48 INFO Config file accessed outside business hours
2026-07-21 04:48:26 WARNING Cache miss for key user_278
2026-07-21 04:52:22 ERROR Multiple failed login attempts for user_544
2026-07-21 05:39:15 INFO API request received: POST /orders
2026-07-21 05:46:16 ERROR Malformed request payload from unknown source
2026-07-21 05:57:49 WARNING Slow query detected: 766ms
2026-07-21 06:36:18 INFO API request received: GET /products
2026-07-21 06:52:14 INFO Cache refreshed successfully
2026-07-21 06:58:34 INFO API request received: POST /orders
2026-07-21 07:20:08 ERROR Payment gateway timeout
2026-07-21 07:24:24 ERROR Suspicious IP access blocked from 192.168.712.173
2026-07-21 07:58:42 ERROR Rate limit exceeded for user_825
2026-07-21 08:12:30 ERROR Multiple failed login attempts for user_726
2026-07-21 08:55:48 INFO Health check passed
2026-07-21 09:13:36 INFO API request received: POST /orders
2026-07-21 09:26:52 INFO Health check passed
2026-07-21 09:34:08 INFO API request received: GET /users
2026-07-21 09:40:07 WARNING Database connection retried
2026-07-21 09:54:39 WARNING Slow query detected: 859ms
2026-07-21 09:59:34 INFO API request received: GET /users
2026-07-21 10:09:54 INFO Database connection established
2026-07-21 10:10:01 WARNING Database connection retried
2026-07-21 10:20:35 WARNING Slow query detected: 625ms
2026-07-21 10:33:16 INFO API request received: GET /products
2026-07-21 10:35:45 INFO Database connection established
2026-07-21 10:37:53 ERROR Database connection failed
2026-07-21 10:38:51 WARNING Slow query detected: 515ms
2026-07-21 10:55:31 WARNING Slow query detected: 376ms
2026-07-21 10:55:49 INFO Database connection established
2026-07-21 11:04:48 INFO Health check passed
2026-07-21 11:09:33 INFO Database connection established
2026-07-21 11:16:21 WARNING Slow query detected: 791ms
2026-07-21 11:24:16 INFO API request received: POST /orders
2026-07-21 11:28:38 INFO API request received: GET /products
2026-07-21 11:29:34 INFO Cache refreshed successfully
2026-07-21 11:30:06 WARNING Database connection retried
2026-07-21 11:36:55 WARNING Database connection retried
2026-07-21 11:38:15 WARNING Cache miss for key user_685
2026-07-21 11:39:19 ERROR Database connection failed
2026-07-21 11:44:59 ERROR Database connection failed
2026-07-21 11:47:16 ERROR Payment gateway timeout
2026-07-21 11:49:01 WARNING Cache miss for key user_705
2026-07-21 11:49:49 INFO API request received: GET /users
2026-07-21 11:56:45 ERROR Payment gateway timeout
2026-07-21 12:05:51 WARNING Database connection retried
2026-07-21 12:13:49 INFO Health check passed
2026-07-21 12:20:27 INFO API request received: POST /orders
2026-07-21 12:33:06 INFO API request received: GET /users
2026-07-21 12:46:53 INFO API request received: GET /users
2026-07-21 12:54:58 INFO API request received: POST /orders
2026-07-21 13:22:29 ERROR Payment gateway timeout
2026-07-21 13:23:09 INFO Database connection established
2026-07-21 13:27:23 INFO Cache refreshed successfully
2026-07-21 13:35:34 ERROR Payment gateway timeout
2026-07-21 13:44:54 INFO User login successful for user_117
2026-07-21 13:46:43 ERROR Brute force login pattern detected for user_886
2026-07-21 13:49:43 ERROR Payment gateway timeout
2026-07-21 14:01:20 INFO Health check passed
2026-07-21 14:01:47 WARNING Cache miss for key user_905
2026-07-21 14:12:40 WARNING Cache miss for key user_416
2026-07-21 14:20:42 INFO Health check passed
2026-07-21 14:23:02 INFO API request received: POST /orders
2026-07-21 14:28:19 INFO Health check passed
2026-07-21 14:28:59 INFO Database connection established
2026-07-21 14:34:03 ERROR Database connection failed
2026-07-21 14:34:22 INFO Health check passed
2026-07-21 14:40:04 ERROR Payment gateway timeout
2026-07-21 14:43:18 INFO API request received: GET /products
2026-07-21 14:48:10 INFO API request received: POST /orders
2026-07-21 14:49:52 INFO API request received: POST /orders
2026-07-21 14:58:53 INFO Database connection established
2026-07-21 15:02:22 INFO API request received: GET /products
2026-07-21 15:02:32 INFO Cache refreshed successfully
2026-07-21 15:03:26 INFO Cache refreshed successfully
2026-07-21 15:12:16 ERROR Payment gateway timeout
2026-07-21 15:13:01 INFO Health check passed
2026-07-21 15:16:56 ERROR Payment gateway timeout
2026-07-21 15:29:46 WARNING Slow query detected: 455ms
2026-07-21 15:35:05 WARNING Database connection retried
2026-07-21 15:36:44 ERROR Database connection failed
2026-07-21 15:43:33 INFO API request received: GET /users
2026-07-21 15:47:16 ERROR Payment gateway timeout
2026-07-21 15:48:01 INFO Database connection established
2026-07-21 15:49:46 INFO Database connection established
2026-07-21 15:51:01 ERROR Payment gateway timeout
2026-07-21 16:01:00 INFO Health check passed
2026-07-21 16:01:09 WARNING Cache miss for key user_599
2026-07-21 16:08:42 ERROR Payment gateway timeout
2026-07-21 16:08:54 INFO Cache refreshed successfully
2026-07-21 16:10:59 INFO API request received: POST /orders
2026-07-21 16:21:50 WARNING Slow query detected: 717ms
2026-07-21 16:28:56 ERROR Payment gateway timeout
2026-07-21 16:30:21 ERROR Payment gateway timeout
2026-07-21 16:41:10 WARNING Database connection retried
2026-07-21 16:43:18 INFO API request received: POST /orders
2026-07-21 16:51:03 WARNING Database connection retried
2026-07-21 17:10:57 INFO API request received: POST /orders
2026-07-21 17:11:25 WARNING Cache miss for key user_713
2026-07-21 17:23:07 INFO API request received: POST /orders
2026-07-21 17:25:14 INFO Health check passed
2026-07-21 17:30:06 ERROR Database connection failed
2026-07-21 17:33:36 INFO Database connection established
2026-07-21 17:43:37 INFO Cache refreshed successfully
2026-07-21 17:54:50 INFO User login successful for user_711
2026-07-21 17:54:50 ERROR Privilege escalation attempt blocked
2026-07-21 17:56:50 INFO API request received: GET /products
2026-07-21 18:00:47 ERROR Brute force login pattern detected for user_20
2026-07-21 18:12:26 INFO API request received: POST /orders
2026-07-21 18:14:46 INFO Cache refreshed successfully
2026-07-21 18:16:06 INFO API request received: GET /users
2026-07-21 18:24:38 WARNING Database connection retried
2026-07-21 18:34:48 ERROR Database connection failed
2026-07-21 18:37:24 INFO API request received: GET /products
2026-07-21 18:46:55 WARNING Slow query detected: 446ms
2026-07-21 18:50:40 INFO Cache refreshed successfully
2026-07-21 19:04:26 WARNING Database connection retried
2026-07-21 19:12:18 INFO Cache refreshed successfully
2026-07-21 19:22:22 INFO User login successful for user_284
2026-07-21 19:31:53 ERROR Payment gateway timeout
2026-07-21 19:36:21 WARNING Slow query detected: 541ms
2026-07-21 19:38:21 WARNING Database connection retried
2026-07-21 19:45:48 WARNING Cache miss for key user_102
2026-07-21 19:54:21 WARNING Database connection retried
2026-07-21 20:05:40 INFO Health check passed
2026-07-21 20:08:48 WARNING Slow query detected: 324ms
2026-07-21 20:10:43 INFO Health check passed
2026-07-21 20:12:15 WARNING Cache miss for key user_793
2026-07-21 20:12:51 INFO User login successful for user_633
2026-07-21 20:17:36 INFO Database connection established
2026-07-21 20:18:19 ERROR Payment gateway timeout
2026-07-21 20:27:56 INFO Database connection established
2026-07-21 20:33:10 INFO Cache refreshed successfully
2026-07-21 20:33:23 INFO Database connection established
2026-07-21 20:43:19 INFO Cache refreshed successfully
2026-07-21 20:47:02 INFO Cache refreshed successfully
2026-07-21 20:52:56 INFO Database connection established
2026-07-21 20:54:47 INFO User login successful for user_390
2026-07-21 20:55:33 INFO Health check passed
2026-07-21 20:55:57 ERROR Database connection failed
2026-07-21 20:59:01 INFO API request received: POST /orders
2026-07-21 21:22:56 INFO Cache refreshed successfully
2026-07-21 21:26:03 INFO User login successful for user_223
2026-07-21 21:30:02 ERROR Database connection failed
2026-07-21 21:36:11 WARNING Slow query detected: 916ms
2026-07-21 21:55:33 INFO API request received: GET /products
2026-07-21 22:14:08 WARNING Slow query detected: 193ms
2026-07-21 22:19:14 ERROR Payment gateway timeout
2026-07-21 22:24:18 ERROR Database connection failed
2026-07-21 22:32:21 INFO Health check passed
2026-07-21 22:35:53 INFO Health check passed
2026-07-21 22:45:06 WARNING Slow query detected: 505ms
2026-07-21 23:55:36 INFO API request received: POST /orders
2026-07-21 23:59:44 INFO Health check passed
